There was a cycle
-317264360
There was a cycle
There was a cycle
There was a cycle
There was a cycle
-1396639655
There was a cycle
There was a cycle
There was a cycle
-1586897022
There was a cycle
There was a cycle
There was a cycle
-2067707518
-1117953860
There was a cycle
There was a cycle
