Out of bounds
-769225689
There was a cycle
Out of bounds
There was a cycle
There was a cycle
There was a cycle
-1873248443
-615264958
There was a cycle
-796885154
-764245617
There was a cycle
Out of bounds
There was a cycle
Out of bounds
Out of bounds
There was a cycle
-1246128451
There was a cycle
-1246128451
-1246128451
-940221969
-2083704271
-31904541
There was a cycle
There was a cycle
-1686888175
-1969977058
There was a cycle
-894105855
-1106283384
-1150582480
There was a cycle
There was a cycle
There was a cycle
-654622203
-654622203
-654622203
-654622203
-224972639
-949060797
-949060797
-419019352
-588591680
-794968097
-794968097
There was a cycle
There was a cycle
-830140802
There was a cycle
-1002214328
Out of bounds
Out of bounds
-175971410
-560217219
-2001190278
-393601919
-1957225306
-194125836
There was a cycle
There was a cycle
There was a cycle
-194125836
-194125836
-280027576
-157331142
There was a cycle
-280027576
Out of bounds
There was a cycle
-1145235045
There was a cycle
Out of bounds
There was a cycle
There was a cycle
There was a cycle
There was a cycle
-1600138169
-1600138169
There was a cycle
-559955548
-559955548
-1779788248
-345808482
-930812708
-1213520204
There was a cycle
-1955378754
-700114855
