Out of bounds
Out of bounds
There was a cycle
-897258749
