Out of bounds
Out of bounds
Out of bounds
Out of bounds
There was a cycle
Out of bounds
Out of bounds
-297758382
There was a cycle
Out of bounds
Out of bounds
There was a cycle
-29306327
-1182283360
-662653674
-662653674
-662653674
There was a cycle
There was a cycle
-1139908120
-30984185
-1139908120
-725955664
Out of bounds
-387607865
-1408159124
-725955664
-1363243573
-519445225
-387607865
-387607865
-519445225
-519445225
-1860715829
-1860715829
-1860715829
-1860715829
There was a cycle
-117378797
There was a cycle
-821803143
-1190004265
-46208384
-46208384
-46208384
-351170321
-1122007271
-563575260
-351170321
-1800422025
-1170678767
There was a cycle
-563575260
Out of bounds
-563575260
-654471262
-1163207706
-1163207706
There was a cycle
There was a cycle
-58897350
-1311662863
Out of bounds
There was a cycle
There was a cycle
-448356118
There was a cycle
There was a cycle
-1519761345
-943071759
-1577912451
Out of bounds
-943071759
-943071759
Out of bounds
There was a cycle
There was a cycle
-1245124984
-395518289
-852019821
-1061083689
-1061083689
-1061083689
-1874999506
-478497575
-1597020499
There was a cycle
There was a cycle
-2064229607
-156654198
There was a cycle
-567803714
-491265049
-491265049
-567803714
-567803714
There was a cycle
-567803714
There was a cycle
-144247466
There was a cycle
There was a cycle
-514932548
