Out of bounds
Out of bounds
Out of bounds
Out of bounds
Out of bounds
Out of bounds
Out of bounds
Out of bounds
Out of bounds
Out of bounds
Out of bounds
Out of bounds
Out of bounds
Out of bounds
Out of bounds
Out of bounds
Out of bounds
Out of bounds
Out of bounds
Out of bounds
Out of bounds
Out of bounds
Out of bounds
Out of bounds
Out of bounds
Out of bounds
Out of bounds
Out of bounds
Out of bounds
Out of bounds
Out of bounds
Out of bounds
Out of bounds
Out of bounds
Out of bounds
-1199126994
Out of bounds
Out of bounds
Out of bounds
-1117752393
Out of bounds
Out of bounds
Out of bounds
Out of bounds
Out of bounds
Out of bounds
Out of bounds
Out of bounds
Out of bounds
Out of bounds
Out of bounds
Out of bounds
Out of bounds
Out of bounds
Out of bounds
Out of bounds
Out of bounds
Out of bounds
Out of bounds
Out of bounds
Out of bounds
Out of bounds
Out of bounds
Out of bounds
Out of bounds
Out of bounds
Out of bounds
Out of bounds
Out of bounds
-963192050
Out of bounds
Out of bounds
Out of bounds
Out of bounds
Out of bounds
-884149242
-2047039561
Out of bounds
Out of bounds
Out of bounds
Out of bounds
-1545965769
Out of bounds
Out of bounds
Out of bounds
Out of bounds
Out of bounds
Out of bounds
-497523976
Out of bounds
-1868735347
Out of bounds
Out of bounds
Out of bounds
Out of bounds
Out of bounds
Out of bounds
Out of bounds
Out of bounds
-1051605877
-1745383694
-541620492
-1994122912
-1159976813
Out of bounds
-2060407069
Out of bounds
Out of bounds
