78
40
37
31
28
25
24
20
20
20
20
19
19
19
19
19
17
17
17
16
14
12
12
12
11
11
10
10
8
8
8
8
8
8
8
8
7
7
7
7
7
7
7
7
6
6
6
6
6
6
6
6
5
5
5
5
5
5
5
5
5
5
5
4
4
4
3
3
3
3
3
3
3
3
3
3
3
3
