117
67
61
54
52
48
48
47
44
42
38
37
36
36
35
34
32
31
30
29
28
27
26
25
24
24
22
22
22
22
21
20
20
20
20
19
18
18
17
17
17
17
17
16
16
16
16
16
16
16
15
15
15
14
14
14
14
14
14
14
14
13
13
13
13
13
13
13
13
13
13
13
13
13
13
13
13
13
13
13
13
13
13
13
13
13
13
13
13
13
13
13
13
13
13
13
12
12
12
12
12
12
12
12
12
12
12
12
12
12
10
10
10
10
10
10
10
