177
118
105
95
88
82
76
74
72
72
70
66
63
60
59
58
56
56
54
53
53
52
52
52
51
51
49
47
46
46
45
44
44
44
43
42
41
40
40
40
40
39
38
37
35
34
34
34
34
34
33
33
32
32
32
32
32
31
31
31
31
31
29
28
28
27
27
27
27
27
27
27
27
27
27
27
27
27
27
27
26
26
26
26
26
26
26
26
26
26
26
26
26
25
25
25
25
24
24
24
23
23
23
23
23
23
23
23
23
23
23
23
23
23
23
23
23
23
23
23
23
22
22
22
22
21
21
21
21
21
20
20
20
20
20
20
20
20
20
19
19
19
19
19
19
19
19
19
19
19
19
19
19
19
19
19
19
19
19
19
18
17
17
17
17
17
17
17
17
17
17
17
17
17
17
17
17
