268
167
144
128
116
114
107
101
93
91
87
83
82
79
78
76
74
73
71
71
70
67
64
63
60
60
59
57
55
53
53
52
51
49
49
48
45
45
44
43
42
42
42
42
40
40
40
37
37
36
36
36
35
34
33
33
32
32
32
32
32
32
32
32
32
32
32
32
32
32
31
31
29
29
29
29
29
28
28
28
28
28
28
28
26
25
24
24
24
24
24
24
24
24
24
24
24
24
24
24
24
24
24
23
23
23
23
23
23
23
23
22
22
22
22
22
22
22
21
21
21
21
21
21
20
20
20
20
20
20
20
20
19
19
19
19
19
19
19
18
18
18
18
18
18
17
17
17
17
17
17
17
17
17
17
17
16
16
16
16
16
16
16
16
16
16
16
16
16
16
16
16
16
15
15
15
15
15
15
15
15
15
15
15
15
15
15
15
15
15
15
15
15
15
15
15
15
15
15
15
15
15
15
15
15
15
15
15
15
15
15
15
15
15
15
15
15
15
15
15
14
14
14
14
14
13
13
13
13
13
13
13
13
13
13
13
13
13
13
13
13
13
12
12
12
12
12
12
12
12
12
12
12
12
12
12
12
12
12
12
12
12
12
12
12
12
12
12
