Out of bounds
Out of bounds
Out of bounds
-1292194900
Out of bounds
Out of bounds
Out of bounds
Out of bounds
-1237654596
Out of bounds
Out of bounds
Out of bounds
Out of bounds
-750709021
Out of bounds
-706941437
Out of bounds
Out of bounds
-1044614601
Out of bounds
Out of bounds
Out of bounds
Out of bounds
-1044614601
-542607250
-1378144513
Out of bounds
-1079204010
-1044614601
-1044614601
Out of bounds
Out of bounds
Out of bounds
-1468387283
-198522312
-1931372250
Out of bounds
-1049936942
-463567879
-1049936942
There was a cycle
-724944633
-978594813
-789127225
Out of bounds
-1019434998
-1179401059
Out of bounds
-789127225
-1594616812
-789127225
Out of bounds
-1922417834
-1143155263
-1922417834
-1922417834
-397835390
-1567907924
-835021742
-1567907924
-1089735372
Out of bounds
-789127225
Out of bounds
Out of bounds
Out of bounds
Out of bounds
Out of bounds
-1088016157
There was a cycle
-459508974
-812490203
-1564106404
Out of bounds
-1235456495
-1586149715
-614787261
-1586149715
-1447191928
-1935576386
There was a cycle
There was a cycle
-614787261
-68012483
-68012483
There was a cycle
-1405512018
Out of bounds
-1179401059
Out of bounds
Out of bounds
-1108384321
-1800710988
Out of bounds
