There was a cycle
There was a cycle
There was a cycle
-1121193918
There was a cycle
There was a cycle
There was a cycle
-362318301
There was a cycle
There was a cycle
-456120487
There was a cycle
There was a cycle
There was a cycle
There was a cycle
There was a cycle
There was a cycle
There was a cycle
-1005571922
There was a cycle
There was a cycle
-84741118
-607247733
There was a cycle
There was a cycle
There was a cycle
-1861674632
There was a cycle
There was a cycle
There was a cycle
There was a cycle
There was a cycle
There was a cycle
There was a cycle
Out of bounds
There was a cycle
There was a cycle
-596908650
-596908650
Out of bounds
Out of bounds
There was a cycle
There was a cycle
-1989412097
-1989412097
There was a cycle
There was a cycle
There was a cycle
-1673753291
-1673753291
There was a cycle
There was a cycle
-1462265676
There was a cycle
-583451655
-583451655
-1797167354
-1797167354
Out of bounds
-975511053
There was a cycle
There was a cycle
Out of bounds
-1082846523
-1856865922
There was a cycle
There was a cycle
There was a cycle
There was a cycle
-1724766660
There was a cycle
There was a cycle
There was a cycle
There was a cycle
There was a cycle
-1652097774
There was a cycle
There was a cycle
There was a cycle
-431166552
Out of bounds
There was a cycle
There was a cycle
-2073629333
-186291096
There was a cycle
-1738871912
-1116387174
-251495677
There was a cycle
There was a cycle
There was a cycle
There was a cycle
There was a cycle
There was a cycle
There was a cycle
There was a cycle
There was a cycle
There was a cycle
-308922897
There was a cycle
There was a cycle
There was a cycle
-12406896
Out of bounds
-818797456
-818797456
There was a cycle
There was a cycle
There was a cycle
There was a cycle
