-207900 170640 359964 -358898 530915 1484363 543537 1246111 1125167 1316698 825011 -49562 -658138 -291216 -769338 -2165605 952183 -142547 -1540126 761995 915927 -2595926 -2097718 -107456 244399 -759957 -1163878 1488536 -1335613 581594 -1164341 1709909 -494958 -1977569 1584206 502578 184625 -1608753 2489793 1401477 69776 -243260 1850175 999800 -1246334 641802 980185 -1210053 -2113027 1999296 -2642944 3959409 -1021854 -755211 3376015 -2384229 -1471080 408947 635917 -1943674 652595 349811 -869177 683114 -837390 440773 271519 -1081076 -208446 -190783 -1132021 721044 -1695736 1387734 -524546 61020 371300
